[     157ms] [LOG] [Fast Refresh] rebuilding @ http://localhost:3100/_next/static/chunks/0ko6_next_dist_01dsmks._.js:2431
[     279ms] [LOG] [Fast Refresh] done in 223ms @ http://localhost:3100/_next/static/chunks/0ko6_next_dist_01dsmks._.js:2431
[     358ms] [INFO] %cDownload the React DevTools for a better development experience: https://react.dev/link/react-devtools font-weight:bold @ http://localhost:3100/_next/static/chunks/0ko6_next_dist_01dsmks._.js:2431
[     386ms] [LOG] [HMR] connected @ http://localhost:3100/_next/static/chunks/0ko6_next_dist_01dsmks._.js:2431
[  128227ms] [LOG] [Fast Refresh] rebuilding @ http://localhost:3100/_next/static/chunks/0ko6_next_dist_01dsmks._.js:2431
[  128337ms] [LOG] [Fast Refresh] done in 213ms @ http://localhost:3100/_next/static/chunks/0ko6_next_dist_01dsmks._.js:2431
[  156782ms] [LOG] [Fast Refresh] rebuilding @ http://localhost:3100/_next/static/chunks/0ko6_next_dist_01dsmks._.js:2431
[  157603ms] [LOG] [Fast Refresh] done in 856ms @ http://localhost:3100/_next/static/chunks/0ko6_next_dist_01dsmks._.js:2431
[  158030ms] [LOG] [Fast Refresh] rebuilding @ http://localhost:3100/_next/static/chunks/0ko6_next_dist_01dsmks._.js:2431
[  158305ms] [LOG] [Fast Refresh] done in 376ms @ http://localhost:3100/_next/static/chunks/0ko6_next_dist_01dsmks._.js:2431
[  158464ms] [LOG] [Fast Refresh] rebuilding @ http://localhost:3100/_next/static/chunks/0ko6_next_dist_01dsmks._.js:2431
[  158740ms] [LOG] [Fast Refresh] done in 377ms @ http://localhost:3100/_next/static/chunks/0ko6_next_dist_01dsmks._.js:2431
[  158943ms] [LOG] [Fast Refresh] rebuilding @ http://localhost:3100/_next/static/chunks/0ko6_next_dist_01dsmks._.js:2431
[  159370ms] [LOG] [Fast Refresh] done in 528ms @ http://localhost:3100/_next/static/chunks/0ko6_next_dist_01dsmks._.js:2431
[  174750ms] [LOG] [Fast Refresh] rebuilding @ http://localhost:3100/_next/static/chunks/0ko6_next_dist_01dsmks._.js:2431
[  174832ms] [LOG] [Fast Refresh] done in 184ms @ http://localhost:3100/_next/static/chunks/0ko6_next_dist_01dsmks._.js:2431
[  182180ms] [LOG] [Fast Refresh] rebuilding @ http://localhost:3100/_next/static/chunks/0ko6_next_dist_01dsmks._.js:2431
[  182248ms] [LOG] [Fast Refresh] done in 82ms @ http://localhost:3100/_next/static/chunks/0ko6_next_dist_01dsmks._.js:2431
[  192214ms] [LOG] [Fast Refresh] rebuilding @ http://localhost:3100/_next/static/chunks/0ko6_next_dist_01dsmks._.js:2431
[  192274ms] [LOG] [Fast Refresh] done in 79ms @ http://localhost:3100/_next/static/chunks/0ko6_next_dist_01dsmks._.js:2431
[  224166ms] [LOG] [Fast Refresh] rebuilding @ http://localhost:3100/_next/static/chunks/0ko6_next_dist_01dsmks._.js:2431
[  224359ms] [LOG] [Fast Refresh] done in 206ms @ http://localhost:3100/_next/static/chunks/0ko6_next_dist_01dsmks._.js:2431
[  238052ms] [LOG] [Fast Refresh] rebuilding @ http://localhost:3100/_next/static/chunks/0ko6_next_dist_01dsmks._.js:2431
[  238195ms] [LOG] [Fast Refresh] done in 158ms @ http://localhost:3100/_next/static/chunks/0ko6_next_dist_01dsmks._.js:2431
[  242279ms] [LOG] [Fast Refresh] rebuilding @ http://localhost:3100/_next/static/chunks/0ko6_next_dist_01dsmks._.js:2431
[  243610ms] [LOG] [Fast Refresh] done in 1424ms @ http://localhost:3100/_next/static/chunks/0ko6_next_dist_01dsmks._.js:2431
[  243728ms] [LOG] [Fast Refresh] rebuilding @ http://localhost:3100/_next/static/chunks/0ko6_next_dist_01dsmks._.js:2431
[  243828ms] [LOG] [Fast Refresh] done in 200ms @ http://localhost:3100/_next/static/chunks/0ko6_next_dist_01dsmks._.js:2431
[  243938ms] [LOG] [Fast Refresh] rebuilding @ http://localhost:3100/_next/static/chunks/0ko6_next_dist_01dsmks._.js:2431
[  244133ms] [LOG] [Fast Refresh] done in 296ms @ http://localhost:3100/_next/static/chunks/0ko6_next_dist_01dsmks._.js:2431
[  244409ms] [INFO] %cDownload the React DevTools for a better development experience: https://react.dev/link/react-devtools font-weight:bold @ http://localhost:3100/_next/static/chunks/0ko6_next_dist_01dsmks._.js:2431
[  244438ms] [LOG] [HMR] connected @ http://localhost:3100/_next/static/chunks/0ko6_next_dist_01dsmks._.js:2431
[  244576ms] [LOG] [Fast Refresh] rebuilding @ http://localhost:3100/_next/static/chunks/0ko6_next_dist_01dsmks._.js:2431
[  244733ms] [LOG] [Fast Refresh] done in 258ms @ http://localhost:3100/_next/static/chunks/0ko6_next_dist_01dsmks._.js:2431
[  410948ms] [LOG] [Fast Refresh] rebuilding @ http://localhost:3100/_next/static/chunks/0ko6_next_dist_01dsmks._.js:2431
[  410966ms] [LOG] [Fast Refresh] done in 119ms @ http://localhost:3100/_next/static/chunks/0ko6_next_dist_01dsmks._.js:2431
[  442256ms] [LOG] [Fast Refresh] rebuilding @ http://localhost:3100/_next/static/chunks/0ko6_next_dist_01dsmks._.js:2431
[  442385ms] [LOG] [Fast Refresh] done in 230ms @ http://localhost:3100/_next/static/chunks/0ko6_next_dist_01dsmks._.js:2431
[  456546ms] [ERROR] WebSocket connection to 'ws://localhost:3100/_next/webpack-hmr?id=OzyGoiCOljbnFiEtZZJu_' failed: Error in connection establishment: net::ERR_CONNECTION_REFUSED @ http://localhost:3100/_next/static/chunks/0ko6_next_dist_client_0v85ara._.js:13299
[  457548ms] [ERROR] WebSocket connection to 'ws://localhost:3100/_next/webpack-hmr?id=OzyGoiCOljbnFiEtZZJu_' failed: Error in connection establishment: net::ERR_CONNECTION_REFUSED @ http://localhost:3100/_next/static/chunks/0ko6_next_dist_client_0v85ara._.js:13299
[  458550ms] [ERROR] WebSocket connection to 'ws://localhost:3100/_next/webpack-hmr?id=OzyGoiCOljbnFiEtZZJu_' failed: Error in connection establishment: net::ERR_CONNECTION_REFUSED @ http://localhost:3100/_next/static/chunks/0ko6_next_dist_client_0v85ara._.js:13299
[  459553ms] [ERROR] WebSocket connection to 'ws://localhost:3100/_next/webpack-hmr?id=OzyGoiCOljbnFiEtZZJu_' failed: Error in connection establishment: net::ERR_CONNECTION_REFUSED @ http://localhost:3100/_next/static/chunks/0ko6_next_dist_client_0v85ara._.js:13299
[  460555ms] [ERROR] WebSocket connection to 'ws://localhost:3100/_next/webpack-hmr?id=OzyGoiCOljbnFiEtZZJu_' failed: Error in connection establishment: net::ERR_CONNECTION_REFUSED @ http://localhost:3100/_next/static/chunks/0ko6_next_dist_client_0v85ara._.js:13299
[  465558ms] [ERROR] WebSocket connection to 'ws://localhost:3100/_next/webpack-hmr?id=OzyGoiCOljbnFiEtZZJu_' failed: Error in connection establishment: net::ERR_CONNECTION_REFUSED @ http://localhost:3100/_next/static/chunks/0ko6_next_dist_client_0v85ara._.js:13299
[  470561ms] [ERROR] WebSocket connection to 'ws://localhost:3100/_next/webpack-hmr?id=OzyGoiCOljbnFiEtZZJu_' failed: Error in connection establishment: net::ERR_CONNECTION_REFUSED @ http://localhost:3100/_next/static/chunks/0ko6_next_dist_client_0v85ara._.js:13299
[  475566ms] [ERROR] WebSocket connection to 'ws://localhost:3100/_next/webpack-hmr?id=OzyGoiCOljbnFiEtZZJu_' failed: Error in connection establishment: net::ERR_CONNECTION_REFUSED @ http://localhost:3100/_next/static/chunks/0ko6_next_dist_client_0v85ara._.js:13299
[  480570ms] [ERROR] WebSocket connection to 'ws://localhost:3100/_next/webpack-hmr?id=OzyGoiCOljbnFiEtZZJu_' failed: Error in connection establishment: net::ERR_CONNECTION_REFUSED @ http://localhost:3100/_next/static/chunks/0ko6_next_dist_client_0v85ara._.js:13299
[  485573ms] [ERROR] WebSocket connection to 'ws://localhost:3100/_next/webpack-hmr?id=OzyGoiCOljbnFiEtZZJu_' failed: Error in connection establishment: net::ERR_CONNECTION_REFUSED @ http://localhost:3100/_next/static/chunks/0ko6_next_dist_client_0v85ara._.js:13299
[  490576ms] [ERROR] WebSocket connection to 'ws://localhost:3100/_next/webpack-hmr?id=OzyGoiCOljbnFiEtZZJu_' failed: Error in connection establishment: net::ERR_CONNECTION_REFUSED @ http://localhost:3100/_next/static/chunks/0ko6_next_dist_client_0v85ara._.js:13299
[  495582ms] [ERROR] WebSocket connection to 'ws://localhost:3100/_next/webpack-hmr?id=OzyGoiCOljbnFiEtZZJu_' failed: Error in connection establishment: net::ERR_CONNECTION_REFUSED @ http://localhost:3100/_next/static/chunks/0ko6_next_dist_client_0v85ara._.js:13299
[  532729ms] [INFO] %cDownload the React DevTools for a better development experience: https://react.dev/link/react-devtools font-weight:bold @ http://localhost:3100/_next/static/chunks/0ko6_next_dist_01dsmks._.js:2431
[  532784ms] [LOG] [HMR] connected @ http://localhost:3100/_next/static/chunks/0ko6_next_dist_01dsmks._.js:2431
[  533039ms] [LOG] [Fast Refresh] rebuilding @ http://localhost:3100/_next/static/chunks/0ko6_next_dist_01dsmks._.js:2431
[  533114ms] [INFO] Banner not shown: beforeinstallpromptevent.preventDefault() called. The page must call beforeinstallpromptevent.prompt() to show the banner. @ http://localhost:3100/contacts:0
[  533291ms] [LOG] [Fast Refresh] done in 352ms @ http://localhost:3100/_next/static/chunks/0ko6_next_dist_01dsmks._.js:2431
[  578024ms] [LOG] [Fast Refresh] rebuilding @ http://localhost:3100/_next/static/chunks/0ko6_next_dist_01dsmks._.js:2431
[  578149ms] [LOG] [Fast Refresh] done in 227ms @ http://localhost:3100/_next/static/chunks/0ko6_next_dist_01dsmks._.js:2431
[  584223ms] [LOG] [Fast Refresh] rebuilding @ http://localhost:3100/_next/static/chunks/0ko6_next_dist_01dsmks._.js:2431
[  584255ms] [LOG] [Fast Refresh] done in 133ms @ http://localhost:3100/_next/static/chunks/0ko6_next_dist_01dsmks._.js:2431
[  836284ms] [ERROR] WebSocket connection to 'ws://localhost:3100/_next/webpack-hmr?id=kWzGbt4Eu11pdBfwCJYAI' failed: Error in connection establishment: net::ERR_CONNECTION_REFUSED @ http://localhost:3100/_next/static/chunks/0ko6_next_dist_client_0v85ara._.js:13299
[  837286ms] [ERROR] WebSocket connection to 'ws://localhost:3100/_next/webpack-hmr?id=kWzGbt4Eu11pdBfwCJYAI' failed: Error in connection establishment: net::ERR_CONNECTION_REFUSED @ http://localhost:3100/_next/static/chunks/0ko6_next_dist_client_0v85ara._.js:13299
[  838290ms] [ERROR] WebSocket connection to 'ws://localhost:3100/_next/webpack-hmr?id=kWzGbt4Eu11pdBfwCJYAI' failed: Error in connection establishment: net::ERR_CONNECTION_REFUSED @ http://localhost:3100/_next/static/chunks/0ko6_next_dist_client_0v85ara._.js:13299
[  839294ms] [ERROR] WebSocket connection to 'ws://localhost:3100/_next/webpack-hmr?id=kWzGbt4Eu11pdBfwCJYAI' failed: Error in connection establishment: net::ERR_CONNECTION_REFUSED @ http://localhost:3100/_next/static/chunks/0ko6_next_dist_client_0v85ara._.js:13299
[  840299ms] [ERROR] WebSocket connection to 'ws://localhost:3100/_next/webpack-hmr?id=kWzGbt4Eu11pdBfwCJYAI' failed: Error in connection establishment: net::ERR_CONNECTION_REFUSED @ http://localhost:3100/_next/static/chunks/0ko6_next_dist_client_0v85ara._.js:13299
[  845312ms] [ERROR] WebSocket connection to 'ws://localhost:3100/_next/webpack-hmr?id=kWzGbt4Eu11pdBfwCJYAI' failed: Error in connection establishment: net::ERR_CONNECTION_REFUSED @ http://localhost:3100/_next/static/chunks/0ko6_next_dist_client_0v85ara._.js:13299
[  850339ms] [ERROR] WebSocket connection to 'ws://localhost:3100/_next/webpack-hmr?id=kWzGbt4Eu11pdBfwCJYAI' failed: Error in connection establishment: net::ERR_CONNECTION_REFUSED @ http://localhost:3100/_next/static/chunks/0ko6_next_dist_client_0v85ara._.js:13299
[  855361ms] [ERROR] WebSocket connection to 'ws://localhost:3100/_next/webpack-hmr?id=kWzGbt4Eu11pdBfwCJYAI' failed: Error in connection establishment: net::ERR_CONNECTION_REFUSED @ http://localhost:3100/_next/static/chunks/0ko6_next_dist_client_0v85ara._.js:13299
[  860388ms] [ERROR] WebSocket connection to 'ws://localhost:3100/_next/webpack-hmr?id=kWzGbt4Eu11pdBfwCJYAI' failed: Error in connection establishment: net::ERR_CONNECTION_REFUSED @ http://localhost:3100/_next/static/chunks/0ko6_next_dist_client_0v85ara._.js:13299
[  865454ms] [ERROR] WebSocket connection to 'ws://localhost:3100/_next/webpack-hmr?id=kWzGbt4Eu11pdBfwCJYAI' failed: Error in connection establishment: net::ERR_CONNECTION_REFUSED @ http://localhost:3100/_next/static/chunks/0ko6_next_dist_client_0v85ara._.js:13299
[  870508ms] [ERROR] WebSocket connection to 'ws://localhost:3100/_next/webpack-hmr?id=kWzGbt4Eu11pdBfwCJYAI' failed: Error in connection establishment: net::ERR_CONNECTION_REFUSED @ http://localhost:3100/_next/static/chunks/0ko6_next_dist_client_0v85ara._.js:13299
[  875779ms] [ERROR] WebSocket connection to 'ws://localhost:3100/_next/webpack-hmr?id=kWzGbt4Eu11pdBfwCJYAI' failed: Error in connection establishment: net::ERR_CONNECTION_REFUSED @ http://localhost:3100/_next/static/chunks/0ko6_next_dist_client_0v85ara._.js:13299
