[     384ms] [INFO] %cDownload the React DevTools for a better development experience: https://react.dev/link/react-devtools font-weight:bold @ http://localhost:3100/_next/static/chunks/0ko6_next_dist_01dsmks._.js:2431
[     422ms] [LOG] [HMR] connected @ http://localhost:3100/_next/static/chunks/0ko6_next_dist_01dsmks._.js:2431
[     588ms] [ERROR] Base UI: A component that acts as a button expected a native <button> because the `nativeButton` prop is true. Rendering a non-<button> removes native button semantics, which can impact forms and accessibility. Use a real <button> in the `render` prop, or set `nativeButton` to `false`.
    at Button (http://localhost:3100/_next/static/chunks/workspace_shadcn-fintech_src_0ul6vfe._.js:82:409)
    at RecentTransactions (http://localhost:3100/_next/static/chunks/workspace_shadcn-fintech_src_0oc4h_v._.js:4435:418)
    at Page (about://React/Server/file:///Users/sabbirahmed/workspace/shadcn-fintech/.next/dev/server/chunks/ssr/%5Broot-of-the-server%5D__0i4moaz._.js?43:74:458) @ http://localhost:3100/_next/static/chunks/0ko6_next_dist_01dsmks._.js:3272
[  669276ms] [LOG] [Fast Refresh] rebuilding @ http://localhost:3100/_next/static/chunks/0ko6_next_dist_01dsmks._.js:2431
[  669299ms] [LOG] [Fast Refresh] done in 126ms @ http://localhost:3100/_next/static/chunks/0ko6_next_dist_01dsmks._.js:2431
[  676674ms] [LOG] [Fast Refresh] rebuilding @ http://localhost:3100/_next/static/chunks/0ko6_next_dist_01dsmks._.js:2431
[  676688ms] [LOG] [Fast Refresh] done in 116ms @ http://localhost:3100/_next/static/chunks/0ko6_next_dist_01dsmks._.js:2431
[  700569ms] [LOG] [Fast Refresh] rebuilding @ http://localhost:3100/_next/static/chunks/0ko6_next_dist_01dsmks._.js:2431
[  700571ms] [LOG] [Fast Refresh] done in 102ms @ http://localhost:3100/_next/static/chunks/0ko6_next_dist_01dsmks._.js:2431
[  700762ms] [LOG] [Fast Refresh] rebuilding @ http://localhost:3100/_next/static/chunks/0ko6_next_dist_01dsmks._.js:2431
[  700865ms] [LOG] [Fast Refresh] done in 205ms @ http://localhost:3100/_next/static/chunks/0ko6_next_dist_01dsmks._.js:2431
[  875518ms] [LOG] [Fast Refresh] rebuilding @ http://localhost:3100/_next/static/chunks/0ko6_next_dist_01dsmks._.js:2431
[  875520ms] [LOG] [Fast Refresh] done in 103ms @ http://localhost:3100/_next/static/chunks/0ko6_next_dist_01dsmks._.js:2431
[  875621ms] [LOG] [Fast Refresh] rebuilding @ http://localhost:3100/_next/static/chunks/0ko6_next_dist_01dsmks._.js:2431
[  876140ms] [LOG] [Fast Refresh] done in 619ms @ http://localhost:3100/_next/static/chunks/0ko6_next_dist_01dsmks._.js:2431
[  877425ms] [LOG] [Fast Refresh] rebuilding @ http://localhost:3100/_next/static/chunks/0ko6_next_dist_01dsmks._.js:2431
[  877457ms] [LOG] [Fast Refresh] done in 132ms @ http://localhost:3100/_next/static/chunks/0ko6_next_dist_01dsmks._.js:2431
[ 2348286ms] [LOG] [Fast Refresh] rebuilding @ http://localhost:3100/_next/static/chunks/0ko6_next_dist_01dsmks._.js:2431
[ 2348345ms] [LOG] [Fast Refresh] done in 161ms @ http://localhost:3100/_next/static/chunks/0ko6_next_dist_01dsmks._.js:2431
[ 2348447ms] [LOG] [Fast Refresh] rebuilding @ http://localhost:3100/_next/static/chunks/0ko6_next_dist_01dsmks._.js:2431
[ 2348650ms] [LOG] [Fast Refresh] done in 306ms @ http://localhost:3100/_next/static/chunks/0ko6_next_dist_01dsmks._.js:2431
[ 2830870ms] [LOG] [Fast Refresh] rebuilding @ http://localhost:3100/_next/static/chunks/0ko6_next_dist_01dsmks._.js:2431
[ 2831121ms] [LOG] [Fast Refresh] done in 355ms @ http://localhost:3100/_next/static/chunks/0ko6_next_dist_01dsmks._.js:2431
[ 3674294ms] [LOG] [Fast Refresh] rebuilding @ http://localhost:3100/_next/static/chunks/0ko6_next_dist_01dsmks._.js:2431
[ 3674484ms] [LOG] [Fast Refresh] done in 292ms @ http://localhost:3100/_next/static/chunks/0ko6_next_dist_01dsmks._.js:2431
[ 3733194ms] [LOG] [Fast Refresh] rebuilding @ http://localhost:3100/_next/static/chunks/0ko6_next_dist_01dsmks._.js:2431
[ 3733412ms] [LOG] [Fast Refresh] done in 319ms @ http://localhost:3100/_next/static/chunks/0ko6_next_dist_01dsmks._.js:2431
[ 3876775ms] [LOG] [Fast Refresh] rebuilding @ http://localhost:3100/_next/static/chunks/0ko6_next_dist_01dsmks._.js:2431
[ 3877188ms] [LOG] [Fast Refresh] done in 434ms @ http://localhost:3100/_next/static/chunks/0ko6_next_dist_01dsmks._.js:2431
[ 3885804ms] [LOG] [Fast Refresh] rebuilding @ http://localhost:3100/_next/static/chunks/0ko6_next_dist_01dsmks._.js:2431
[ 3885859ms] [LOG] [Fast Refresh] done in 157ms @ http://localhost:3100/_next/static/chunks/0ko6_next_dist_01dsmks._.js:2431
[ 3891081ms] [LOG] [Fast Refresh] rebuilding @ http://localhost:3100/_next/static/chunks/0ko6_next_dist_01dsmks._.js:2431
[ 3891953ms] ReferenceError: financialOverview is not defined
    at FinancialOverview.useMemo[filteredData] (http://localhost:3100/_next/static/chunks/workspace_shadcn-fintech_src_0oc4h_v._.js?id=%255Bproject%255D%252Fworkspace%252Fshadcn-fintech%252Fsrc%252Fcomponents%252Fdashboard%252Ffinancial-overview.tsx+%255Bapp-client%255D+%2528ecmascript%2529:94:13)
    at updateMemo (http://localhost:3100/_next/static/chunks/0ko6_next_dist_compiled_react-dom_0s219lc._.js:5413:21)
    at Object.useMemo (http://localhost:3100/_next/static/chunks/0ko6_next_dist_compiled_react-dom_0s219lc._.js:15465:24)
    at exports.useMemo (http://localhost:3100/_next/static/chunks/0ko6_next_dist_compiled_0z1s305._.js:1742:36)
    at FinancialOverview (http://localhost:3100/_next/static/chunks/workspace_shadcn-fintech_src_0oc4h_v._.js?id=%255Bproject%255D%252Fworkspace%252Fshadcn-fintech%252Fsrc%252Fcomponents%252Fdashboard%252Ffinancial-overview.tsx+%255Bapp-client%255D+%2528ecmascript%2529:84:394)
    at Object.react_stack_bottom_frame (http://localhost:3100/_next/static/chunks/0ko6_next_dist_compiled_react-dom_0s219lc._.js:15037:24)
    at renderWithHooks (http://localhost:3100/_next/static/chunks/0ko6_next_dist_compiled_react-dom_0s219lc._.js:4620:24)
    at updateFunctionComponent (http://localhost:3100/_next/static/chunks/0ko6_next_dist_compiled_react-dom_0s219lc._.js:6081:21)
    at beginWork (http://localhost:3100/_next/static/chunks/0ko6_next_dist_compiled_react-dom_0s219lc._.js:6691:24)
    at runWithFiberInDEV (http://localhost:3100/_next/static/chunks/0ko6_next_dist_compiled_react-dom_0s219lc._.js:965:74)
    at performUnitOfWork (http://localhost:3100/_next/static/chunks/0ko6_next_dist_compiled_react-dom_0s219lc._.js:9555:97)
    at workLoopSync (http://localhost:3100/_next/static/chunks/0ko6_next_dist_compiled_react-dom_0s219lc._.js:9449:40)
    at renderRootSync (http://localhost:3100/_next/static/chunks/0ko6_next_dist_compiled_react-dom_0s219lc._.js:9433:13)
    at performWorkOnRoot (http://localhost:3100/_next/static/chunks/0ko6_next_dist_compiled_react-dom_0s219lc._.js:9098:47)
    at performSyncWorkOnRoot (http://localhost:3100/_next/static/chunks/0ko6_next_dist_compiled_react-dom_0s219lc._.js:10263:9)
    at flushSyncWorkAcrossRoots_impl (http://localhost:3100/_next/static/chunks/0ko6_next_dist_compiled_react-dom_0s219lc._.js:10179:316)
    at flushSyncWork$1 (http://localhost:3100/_next/static/chunks/0ko6_next_dist_compiled_react-dom_0s219lc._.js:9230:86)
    at Object.scheduleRefresh (http://localhost:3100/_next/static/chunks/0ko6_next_dist_compiled_react-dom_0s219lc._.js:299:13)
    at http://localhost:3100/_next/static/chunks/0ko6_next_dist_compiled_0z1s305._.js:391:33
    at Set.forEach (<anonymous>)
    at Object.performReactRefresh (http://localhost:3100/_next/static/chunks/0ko6_next_dist_compiled_0z1s305._.js:384:38)
    at applyUpdate (http://localhost:3100/_next/static/chunks/0ko6_next_dist_compiled_0z1s305._.js:878:31)
    at http://localhost:3100/_next/static/chunks/0ko6_next_dist_compiled_0z1s305._.js:886:13
[ 3891901ms] [LOG] [Fast Refresh] done in 776ms @ http://localhost:3100/_next/static/chunks/0ko6_next_dist_01dsmks._.js:2431
[ 3892052ms] [LOG] [Fast Refresh] rebuilding @ http://localhost:3100/_next/static/chunks/0ko6_next_dist_01dsmks._.js:2431
[ 3892179ms] [LOG] [Fast Refresh] done in 253ms @ http://localhost:3100/_next/static/chunks/0ko6_next_dist_01dsmks._.js:2431
[ 3897131ms] [LOG] [Fast Refresh] rebuilding @ http://localhost:3100/_next/static/chunks/0ko6_next_dist_01dsmks._.js:2431
[ 3897137ms] [WARNING] [Fast Refresh] performing full reload because your application had an unrecoverable error @ http://localhost:3100/_next/static/chunks/0ko6_next_dist_01dsmks._.js:2431
[ 3897149ms] [ERROR] Encountered a script tag while rendering React component. Scripts inside React components are never executed when rendering on the client. Consider using template tag instead (https://developer.mozilla.org/en-US/docs/Web/HTML/Element/template). @ http://localhost:3100/_next/static/chunks/0ko6_next_dist_01dsmks._.js:3272
[ 3897328ms] ReferenceError: financialOverview is not defined
    at FinancialOverview.useMemo[filteredData] (http://localhost:3100/_next/static/chunks/workspace_shadcn-fintech_src_0oc4h_v._.js?id=%255Bproject%255D%252Fworkspace%252Fshadcn-fintech%252Fsrc%252Fcomponents%252Fdashboard%252Ffinancial-overview.tsx+%255Bapp-client%255D+%2528ecmascript%2529:94:13)
    at mountMemo (http://localhost:3100/_next/static/chunks/0ko6_next_dist_compiled_react-dom_0s219lc._.js:5393:25)
    at Object.useMemo (http://localhost:3100/_next/static/chunks/0ko6_next_dist_compiled_react-dom_0s219lc._.js:15213:24)
    at exports.useMemo (http://localhost:3100/_next/static/chunks/0ko6_next_dist_compiled_0z1s305._.js:1742:36)
    at FinancialOverview (http://localhost:3100/_next/static/chunks/workspace_shadcn-fintech_src_0oc4h_v._.js?id=%255Bproject%255D%252Fworkspace%252Fshadcn-fintech%252Fsrc%252Fcomponents%252Fdashboard%252Ffinancial-overview.tsx+%255Bapp-client%255D+%2528ecmascript%2529:84:394)
    at Object.react_stack_bottom_frame (http://localhost:3100/_next/static/chunks/0ko6_next_dist_compiled_react-dom_0s219lc._.js:15037:24)
    at renderWithHooks (http://localhost:3100/_next/static/chunks/0ko6_next_dist_compiled_react-dom_0s219lc._.js:4620:24)
    at updateFunctionComponent (http://localhost:3100/_next/static/chunks/0ko6_next_dist_compiled_react-dom_0s219lc._.js:6081:21)
    at beginWork (http://localhost:3100/_next/static/chunks/0ko6_next_dist_compiled_react-dom_0s219lc._.js:6691:24)
    at runWithFiberInDEV (http://localhost:3100/_next/static/chunks/0ko6_next_dist_compiled_react-dom_0s219lc._.js:965:74)
    at performUnitOfWork (http://localhost:3100/_next/static/chunks/0ko6_next_dist_compiled_react-dom_0s219lc._.js:9555:97)
    at workLoopSync (http://localhost:3100/_next/static/chunks/0ko6_next_dist_compiled_react-dom_0s219lc._.js:9449:40)
    at renderRootSync (http://localhost:3100/_next/static/chunks/0ko6_next_dist_compiled_react-dom_0s219lc._.js:9433:13)
    at performWorkOnRoot (http://localhost:3100/_next/static/chunks/0ko6_next_dist_compiled_react-dom_0s219lc._.js:9098:47)
    at performSyncWorkOnRoot (http://localhost:3100/_next/static/chunks/0ko6_next_dist_compiled_react-dom_0s219lc._.js:10263:9)
    at flushSyncWorkAcrossRoots_impl (http://localhost:3100/_next/static/chunks/0ko6_next_dist_compiled_react-dom_0s219lc._.js:10179:316)
    at flushSyncWork$1 (http://localhost:3100/_next/static/chunks/0ko6_next_dist_compiled_react-dom_0s219lc._.js:9230:86)
    at Object.scheduleRefresh (http://localhost:3100/_next/static/chunks/0ko6_next_dist_compiled_react-dom_0s219lc._.js:299:13)
    at http://localhost:3100/_next/static/chunks/0ko6_next_dist_compiled_0z1s305._.js:391:33
    at Set.forEach (<anonymous>)
    at Object.performReactRefresh (http://localhost:3100/_next/static/chunks/0ko6_next_dist_compiled_0z1s305._.js:384:38)
    at applyUpdate (http://localhost:3100/_next/static/chunks/0ko6_next_dist_compiled_0z1s305._.js:878:31)
    at http://localhost:3100/_next/static/chunks/0ko6_next_dist_compiled_0z1s305._.js:886:13
[ 3897281ms] [LOG] [Fast Refresh] done in 59ms @ http://localhost:3100/_next/static/chunks/0ko6_next_dist_01dsmks._.js:2431
[ 3897410ms] [LOG] [Fast Refresh] rebuilding @ http://localhost:3100/_next/static/chunks/0ko6_next_dist_01dsmks._.js:2431
[ 3897785ms] [LOG] [Fast Refresh] done in 477ms @ http://localhost:3100/_next/static/chunks/0ko6_next_dist_01dsmks._.js:2431
[ 3897891ms] [LOG] [Fast Refresh] rebuilding @ http://localhost:3100/_next/static/chunks/0ko6_next_dist_01dsmks._.js:2431
[ 3897980ms] [LOG] [Fast Refresh] done in 191ms @ http://localhost:3100/_next/static/chunks/0ko6_next_dist_01dsmks._.js:2431
[ 3898118ms] [INFO] %cDownload the React DevTools for a better development experience: https://react.dev/link/react-devtools font-weight:bold @ http://localhost:3100/_next/static/chunks/0ko6_next_dist_01dsmks._.js:2431
[ 3898202ms] [LOG] [HMR] connected @ http://localhost:3100/_next/static/chunks/0ko6_next_dist_01dsmks._.js:2431
[ 3898500ms] ReferenceError: financialOverview is not defined
    at FinancialOverview.useMemo[filteredData] (http://localhost:3100/_next/static/chunks/workspace_shadcn-fintech_src_0oc4h_v._.js:732:13)
    at mountMemo (http://localhost:3100/_next/static/chunks/0ko6_next_dist_compiled_react-dom_0s219lc._.js:5393:25)
    at Object.useMemo (http://localhost:3100/_next/static/chunks/0ko6_next_dist_compiled_react-dom_0s219lc._.js:15213:24)
    at exports.useMemo (http://localhost:3100/_next/static/chunks/0ko6_next_dist_compiled_0z1s305._.js:1742:36)
    at FinancialOverview (http://localhost:3100/_next/static/chunks/workspace_shadcn-fintech_src_0oc4h_v._.js:722:394)
    at Object.react_stack_bottom_frame (http://localhost:3100/_next/static/chunks/0ko6_next_dist_compiled_react-dom_0s219lc._.js:15037:24)
    at renderWithHooks (http://localhost:3100/_next/static/chunks/0ko6_next_dist_compiled_react-dom_0s219lc._.js:4620:24)
    at updateFunctionComponent (http://localhost:3100/_next/static/chunks/0ko6_next_dist_compiled_react-dom_0s219lc._.js:6081:21)
    at beginWork (http://localhost:3100/_next/static/chunks/0ko6_next_dist_compiled_react-dom_0s219lc._.js:6691:24)
    at runWithFiberInDEV (http://localhost:3100/_next/static/chunks/0ko6_next_dist_compiled_react-dom_0s219lc._.js:965:74)
    at performUnitOfWork (http://localhost:3100/_next/static/chunks/0ko6_next_dist_compiled_react-dom_0s219lc._.js:9555:97)
    at workLoopSync (http://localhost:3100/_next/static/chunks/0ko6_next_dist_compiled_react-dom_0s219lc._.js:9449:40)
    at renderRootSync (http://localhost:3100/_next/static/chunks/0ko6_next_dist_compiled_react-dom_0s219lc._.js:9433:13)
    at performWorkOnRoot (http://localhost:3100/_next/static/chunks/0ko6_next_dist_compiled_react-dom_0s219lc._.js:9098:47)
    at performSyncWorkOnRoot (http://localhost:3100/_next/static/chunks/0ko6_next_dist_compiled_react-dom_0s219lc._.js:10263:9)
    at flushSyncWorkAcrossRoots_impl (http://localhost:3100/_next/static/chunks/0ko6_next_dist_compiled_react-dom_0s219lc._.js:10179:316)
    at flushSpawnedWork (http://localhost:3100/_next/static/chunks/0ko6_next_dist_compiled_react-dom_0s219lc._.js:9939:13)
    at commitRoot (http://localhost:3100/_next/static/chunks/0ko6_next_dist_compiled_react-dom_0s219lc._.js:9746:441)
    at completeRoot (http://localhost:3100/_next/static/chunks/0ko6_next_dist_compiled_react-dom_0s219lc._.js:9711:13)
    at completeRootWhenReady (http://localhost:3100/_next/static/chunks/0ko6_next_dist_compiled_react-dom_0s219lc._.js:9187:9)
    at performWorkOnRoot (http://localhost:3100/_next/static/chunks/0ko6_next_dist_compiled_react-dom_0s219lc._.js:9159:25)
    at performWorkOnRootViaSchedulerTask (http://localhost:3100/_next/static/chunks/0ko6_next_dist_compiled_react-dom_0s219lc._.js:10255:9)
    at MessagePort.performWorkUntilDeadline (http://localhost:3100/_next/static/chunks/0ko6_next_dist_compiled_0z1s305._.js:2647:64)
[ 3898590ms] [LOG] [Fast Refresh] rebuilding @ http://localhost:3100/_next/static/chunks/0ko6_next_dist_01dsmks._.js:2431
[ 3898867ms] [LOG] [Fast Refresh] done in 377ms @ http://localhost:3100/_next/static/chunks/0ko6_next_dist_01dsmks._.js:2431
[ 3908023ms] [LOG] [Fast Refresh] rebuilding @ http://localhost:3100/_next/static/chunks/0ko6_next_dist_01dsmks._.js:2431
[ 3908361ms] [WARNING] [Fast Refresh] performing full reload because your application had an unrecoverable error @ http://localhost:3100/_next/static/chunks/0ko6_next_dist_01dsmks._.js:2431
[ 3908625ms] [LOG] [Fast Refresh] done in 429ms @ http://localhost:3100/_next/static/chunks/0ko6_next_dist_01dsmks._.js:2431
[ 3909773ms] [LOG] [Fast Refresh] rebuilding @ http://localhost:3100/_next/static/chunks/0ko6_next_dist_01dsmks._.js:2431
[ 3909836ms] [LOG] [Fast Refresh] done in 167ms @ http://localhost:3100/_next/static/chunks/0ko6_next_dist_01dsmks._.js:2431
[ 3909936ms] [INFO] %cDownload the React DevTools for a better development experience: https://react.dev/link/react-devtools font-weight:bold @ http://localhost:3100/_next/static/chunks/0ko6_next_dist_01dsmks._.js:2431
[ 3910029ms] [LOG] [HMR] connected @ http://localhost:3100/_next/static/chunks/0ko6_next_dist_01dsmks._.js:2431
[ 3910194ms] Error: Switched to client rendering because the server rendering errored:

Cannot read properties of undefined (reading 'toLocaleString')
    at FinancialOverview (/Users/sabbirahmed/workspace/shadcn-fintech/.next/dev/server/chunks/ssr/workspace_shadcn-fintech_src_07bc068._.js:1711:68)
    at Object.react_stack_bottom_frame (/Users/sabbirahmed/workspace/shadcn-fintech/node_modules/.pnpm/next@16.2.3_@babel+core@7.29.0_react-dom@19.2.4_react@19.2.4__react@19.2.4/node_modules/next/dist/compiled/next-server/app-page-turbo.runtime.dev.js:2:311311)
    at renderWithHooks (/Users/sabbirahmed/workspace/shadcn-fintech/node_modules/.pnpm/next@16.2.3_@babel+core@7.29.0_react-dom@19.2.4_react@19.2.4__react@19.2.4/node_modules/next/dist/compiled/next-server/app-page-turbo.runtime.dev.js:2:118339)
    at renderElement (/Users/sabbirahmed/workspace/shadcn-fintech/node_modules/.pnpm/next@16.2.3_@babel+core@7.29.0_react-dom@19.2.4_react@19.2.4__react@19.2.4/node_modules/next/dist/compiled/next-server/app-page-turbo.runtime.dev.js:2:133011)
    at retryNode (/Users/sabbirahmed/workspace/shadcn-fintech/node_modules/.pnpm/next@16.2.3_@babel+core@7.29.0_react-dom@19.2.4_react@19.2.4__react@19.2.4/node_modules/next/dist/compiled/next-server/app-page-turbo.runtime.dev.js:2:201940)
    at renderNodeDestructive (/Users/sabbirahmed/workspace/shadcn-fintech/node_modules/.pnpm/next@16.2.3_@babel+core@7.29.0_react-dom@19.2.4_react@19.2.4__react@19.2.4/node_modules/next/dist/compiled/next-server/app-page-turbo.runtime.dev.js:2:201175)
    at renderNode (/Users/sabbirahmed/workspace/shadcn-fintech/node_modules/.pnpm/next@16.2.3_@babel+core@7.29.0_react-dom@19.2.4_react@19.2.4__react@19.2.4/node_modules/next/dist/compiled/next-server/app-page-turbo.runtime.dev.js:2:213093)
    at renderElement (/Users/sabbirahmed/workspace/shadcn-fintech/node_modules/.pnpm/next@16.2.3_@babel+core@7.29.0_react-dom@19.2.4_react@19.2.4__react@19.2.4/node_modules/next/dist/compiled/next-server/app-page-turbo.runtime.dev.js:2:181773)
    at retryNode (/Users/sabbirahmed/workspace/shadcn-fintech/node_modules/.pnpm/next@16.2.3_@babel+core@7.29.0_react-dom@19.2.4_react@19.2.4__react@19.2.4/node_modules/next/dist/compiled/next-server/app-page-turbo.runtime.dev.js:2:201940)
    at renderNodeDestructive (/Users/sabbirahmed/workspace/shadcn-fintech/node_modules/.pnpm/next@16.2.3_@babel+core@7.29.0_react-dom@19.2.4_react@19.2.4__react@19.2.4/node_modules/next/dist/compiled/next-server/app-page-turbo.runtime.dev.js:2:201175)
    at renderNode (/Users/sabbirahmed/workspace/shadcn-fintech/node_modules/.pnpm/next@16.2.3_@babel+core@7.29.0_react-dom@19.2.4_react@19.2.4__react@19.2.4/node_modules/next/dist/compiled/next-server/app-page-turbo.runtime.dev.js:2:213093)
    at renderChildrenArray (/Users/sabbirahmed/workspace/shadcn-fintech/node_modules/.pnpm/next@16.2.3_@babel+core@7.29.0_react-dom@19.2.4_react@19.2.4__react@19.2.4/node_modules/next/dist/compiled/next-server/app-page-turbo.runtime.dev.js:2:207654)
    at retryNode (/Users/sabbirahmed/workspace/shadcn-fintech/node_modules/.pnpm/next@16.2.3_@babel+core@7.29.0_react-dom@19.2.4_react@19.2.4__react@19.2.4/node_modules/next/dist/compiled/next-server/app-page-turbo.runtime.dev.js:2:202417)
    at renderNodeDestructive (/Users/sabbirahmed/workspace/shadcn-fintech/node_modules/.pnpm/next@16.2.3_@babel+core@7.29.0_react-dom@19.2.4_react@19.2.4__react@19.2.4/node_modules/next/dist/compiled/next-server/app-page-turbo.runtime.dev.js:2:201175)
    at renderNode (/Users/sabbirahmed/workspace/shadcn-fintech/node_modules/.pnpm/next@16.2.3_@babel+core@7.29.0_react-dom@19.2.4_react@19.2.4__react@19.2.4/node_modules/next/dist/compiled/next-server/app-page-turbo.runtime.dev.js:2:213093)
    at renderElement (/Users/sabbirahmed/workspace/shadcn-fintech/node_modules/.pnpm/next@16.2.3_@babel+core@7.29.0_react-dom@19.2.4_react@19.2.4__react@19.2.4/node_modules/next/dist/compiled/next-server/app-page-turbo.runtime.dev.js:2:181773)
    at retryNode (/Users/sabbirahmed/workspace/shadcn-fintech/node_modules/.pnpm/next@16.2.3_@babel+core@7.29.0_react-dom@19.2.4_react@19.2.4__react@19.2.4/node_modules/next/dist/compiled/next-server/app-page-turbo.runtime.dev.js:2:201940)
    at renderNodeDestructive (/Users/sabbirahmed/workspace/shadcn-fintech/node_modules/.pnpm/next@16.2.3_@babel+core@7.29.0_react-dom@19.2.4_react@19.2.4__react@19.2.4/node_modules/next/dist/compiled/next-server/app-page-turbo.runtime.dev.js:2:201175)
    at finishFunctionComponent (/Users/sabbirahmed/workspace/shadcn-fintech/node_modules/.pnpm/next@16.2.3_@babel+core@7.29.0_react-dom@19.2.4_react@19.2.4__react@19.2.4/node_modules/next/dist/compiled/next-server/app-page-turbo.runtime.dev.js:2:119349)
    at renderElement (/Users/sabbirahmed/workspace/shadcn-fintech/node_modules/.pnpm/next@16.2.3_@babel+core@7.29.0_react-dom@19.2.4_react@19.2.4__react@19.2.4/node_modules/next/dist/compiled/next-server/app-page-turbo.runtime.dev.js:2:134520)
    at retryNode (/Users/sabbirahmed/workspace/shadcn-fintech/node_modules/.pnpm/next@16.2.3_@babel+core@7.29.0_react-dom@19.2.4_react@19.2.4__react@19.2.4/node_modules/next/dist/compiled/next-server/app-page-turbo.runtime.dev.js:2:201940)
    at renderNodeDestructive (/Users/sabbirahmed/workspace/shadcn-fintech/node_modules/.pnpm/next@16.2.3_@babel+core@7.29.0_react-dom@19.2.4_react@19.2.4__react@19.2.4/node_modules/next/dist/compiled/next-server/app-page-turbo.runtime.dev.js:2:201175)
    at renderNode (/Users/sabbirahmed/workspace/shadcn-fintech/node_modules/.pnpm/next@16.2.3_@babel+core@7.29.0_react-dom@19.2.4_react@19.2.4__react@19.2.4/node_modules/next/dist/compiled/next-server/app-page-turbo.runtime.dev.js:2:213093)
    at renderChildrenArray (/Users/sabbirahmed/workspace/shadcn-fintech/node_modules/.pnpm/next@16.2.3_@babel+core@7.29.0_react-dom@19.2.4_react@19.2.4__react@19.2.4/node_modules/next/dist/compiled/next-server/app-page-turbo.runtime.dev.js:2:207654)
    at retryNode (/Users/sabbirahmed/workspace/shadcn-fintech/node_modules/.pnpm/next@16.2.3_@babel+core@7.29.0_react-dom@19.2.4_react@19.2.4__react@19.2.4/node_modules/next/dist/compiled/next-server/app-page-turbo.runtime.dev.js:2:202417)
    at renderNodeDestructive (/Users/sabbirahmed/workspace/shadcn-fintech/node_modules/.pnpm/next@16.2.3_@babel+core@7.29.0_react-dom@19.2.4_react@19.2.4__react@19.2.4/node_modules/next/dist/compiled/next-server/app-page-turbo.runtime.dev.js:2:201175)
    at renderNode (/Users/sabbirahmed/workspace/shadcn-fintech/node_modules/.pnpm/next@16.2.3_@babel+core@7.29.0_react-dom@19.2.4_react@19.2.4__react@19.2.4/node_modules/next/dist/compiled/next-server/app-page-turbo.runtime.dev.js:2:213093)
    at renderElement (/Users/sabbirahmed/workspace/shadcn-fintech/node_modules/.pnpm/next@16.2.3_@babel+core@7.29.0_react-dom@19.2.4_react@19.2.4__react@19.2.4/node_modules/next/dist/compiled/next-server/app-page-turbo.runtime.dev.js:2:181773)
    at retryNode (/Users/sabbirahmed/workspace/shadcn-fintech/node_modules/.pnpm/next@16.2.3_@babel+core@7.29.0_react-dom@19.2.4_react@19.2.4__react@19.2.4/node_modules/next/dist/compiled/next-server/app-page-turbo.runtime.dev.js:2:201940)
    at renderNodeDestructive (/Users/sabbirahmed/workspace/shadcn-fintech/node_modules/.pnpm/next@16.2.3_@babel+core@7.29.0_react-dom@19.2.4_react@19.2.4__react@19.2.4/node_modules/next/dist/compiled/next-server/app-page-turbo.runtime.dev.js:2:201175)
    at renderElement (/Users/sabbirahmed/workspace/shadcn-fintech/node_modules/.pnpm/next@16.2.3_@babel+core@7.29.0_react-dom@19.2.4_react@19.2.4__react@19.2.4/node_modules/next/dist/compiled/next-server/app-page-turbo.runtime.dev.js:2:193338)
    at retryNode (/Users/sabbirahmed/workspace/shadcn-fintech/node_modules/.pnpm/next@16.2.3_@babel+core@7.29.0_react-dom@19.2.4_react@19.2.4__react@19.2.4/node_modules/next/dist/compiled/next-server/app-page-turbo.runtime.dev.js:2:201940)
    at renderNodeDestructive (/Users/sabbirahmed/workspace/shadcn-fintech/node_modules/.pnpm/next@16.2.3_@babel+core@7.29.0_react-dom@19.2.4_react@19.2.4__react@19.2.4/node_modules/next/dist/compiled/next-server/app-page-turbo.runtime.dev.js:2:201175)
    at finishFunctionComponent (/Users/sabbirahmed/workspace/shadcn-fintech/node_modules/.pnpm/next@16.2.3_@babel+core@7.29.0_react-dom@19.2.4_react@19.2.4__react@19.2.4/node_modules/next/dist/compiled/next-server/app-page-turbo.runtime.dev.js:2:119349)
    at renderElement (/Users/sabbirahmed/workspace/shadcn-fintech/node_modules/.pnpm/next@16.2.3_@babel+core@7.29.0_react-dom@19.2.4_react@19.2.4__react@19.2.4/node_modules/next/dist/compiled/next-server/app-page-turbo.runtime.dev.js:2:134520)
    at retryNode (/Users/sabbirahmed/workspace/shadcn-fintech/node_modules/.pnpm/next@16.2.3_@babel+core@7.29.0_react-dom@19.2.4_react@19.2.4__react@19.2.4/node_modules/next/dist/compiled/next-server/app-page-turbo.runtime.dev.js:2:201940)
    at renderNodeDestructive (/Users/sabbirahmed/workspace/shadcn-fintech/node_modules/.pnpm/next@16.2.3_@babel+core@7.29.0_react-dom@19.2.4_react@19.2.4__react@19.2.4/node_modules/next/dist/compiled/next-server/app-page-turbo.runtime.dev.js:2:201175)
    at renderNode (/Users/sabbirahmed/workspace/shadcn-fintech/node_modules/.pnpm/next@16.2.3_@babel+core@7.29.0_react-dom@19.2.4_react@19.2.4__react@19.2.4/node_modules/next/dist/compiled/next-server/app-page-turbo.runtime.dev.js:2:213093)
    at renderChildrenArray (/Users/sabbirahmed/workspace/shadcn-fintech/node_modules/.pnpm/next@16.2.3_@babel+core@7.29.0_react-dom@19.2.4_react@19.2.4__react@19.2.4/node_modules/next/dist/compiled/next-server/app-page-turbo.runtime.dev.js:2:207654)
    at retryNode (/Users/sabbirahmed/workspace/shadcn-fintech/node_modules/.pnpm/next@16.2.3_@babel+core@7.29.0_react-dom@19.2.4_react@19.2.4__react@19.2.4/node_modules/next/dist/compiled/next-server/app-page-turbo.runtime.dev.js:2:202417)
    at renderNodeDestructive (/Users/sabbirahmed/workspace/shadcn-fintech/node_modules/.pnpm/next@16.2.3_@babel+core@7.29.0_react-dom@19.2.4_react@19.2.4__react@19.2.4/node_modules/next/dist/compiled/next-server/app-page-turbo.runtime.dev.js:2:201175)
    at renderElement (/Users/sabbirahmed/workspace/shadcn-fintech/node_modules/.pnpm/next@16.2.3_@babel+core@7.29.0_react-dom@19.2.4_react@19.2.4__react@19.2.4/node_modules/next/dist/compiled/next-server/app-page-turbo.runtime.dev.js:2:193338)
    at retryNode (/Users/sabbirahmed/workspace/shadcn-fintech/node_modules/.pnpm/next@16.2.3_@babel+core@7.29.0_react-dom@19.2.4_react@19.2.4__react@19.2.4/node_modules/next/dist/compiled/next-server/app-page-turbo.runtime.dev.js:2:201940)
    at renderNodeDestructive (/Users/sabbirahmed/workspace/shadcn-fintech/node_modules/.pnpm/next@16.2.3_@babel+core@7.29.0_react-dom@19.2.4_react@19.2.4__react@19.2.4/node_modules/next/dist/compiled/next-server/app-page-turbo.runtime.dev.js:2:201175)
    at renderElement (/Users/sabbirahmed/workspace/shadcn-fintech/node_modules/.pnpm/next@16.2.3_@babel+core@7.29.0_react-dom@19.2.4_react@19.2.4__react@19.2.4/node_modules/next/dist/compiled/next-server/app-page-turbo.runtime.dev.js:2:193338)
    at retryNode (/Users/sabbirahmed/workspace/shadcn-fintech/node_modules/.pnpm/next@16.2.3_@babel+core@7.29.0_react-dom@19.2.4_react@19.2.4__react@19.2.4/node_modules/next/dist/compiled/next-server/app-page-turbo.runtime.dev.js:2:201940)
    at renderNodeDestructive (/Users/sabbirahmed/workspace/shadcn-fintech/node_modules/.pnpm/next@16.2.3_@babel+core@7.29.0_react-dom@19.2.4_react@19.2.4__react@19.2.4/node_modules/next/dist/compiled/next-server/app-page-turbo.runtime.dev.js:2:201175)
    at renderNode (/Users/sabbirahmed/workspace/shadcn-fintech/node_modules/.pnpm/next@16.2.3_@babel+core@7.29.0_react-dom@19.2.4_react@19.2.4__react@19.2.4/node_modules/next/dist/compiled/next-server/app-page-turbo.runtime.dev.js:2:213093)
    at renderChildrenArray (/Users/sabbirahmed/workspace/shadcn-fintech/node_modules/.pnpm/next@16.2.3_@babel+core@7.29.0_react-dom@19.2.4_react@19.2.4__react@19.2.4/node_modules/next/dist/compiled/next-server/app-page-turbo.runtime.dev.js:2:207654)
    at retryNode (/Users/sabbirahmed/workspace/shadcn-fintech/node_modules/.pnpm/next@16.2.3_@babel+core@7.29.0_react-dom@19.2.4_react@19.2.4__react@19.2.4/node_modules/next/dist/compiled/next-server/app-page-turbo.runtime.dev.js:2:202417)
[ 3910209ms] [LOG] [Fast Refresh] rebuilding @ http://localhost:3100/_next/static/chunks/0ko6_next_dist_01dsmks._.js:2431
[ 3910586ms] [LOG] [Fast Refresh] done in 478ms @ http://localhost:3100/_next/static/chunks/0ko6_next_dist_01dsmks._.js:2431
[ 3911373ms] TypeError: Cannot read properties of undefined (reading 'toLocaleString')
    at FinancialOverview (http://localhost:3100/_next/static/chunks/workspace_shadcn-fintech_src_0qbwoky._.js:1795:68)
    at Object.react_stack_bottom_frame (http://localhost:3100/_next/static/chunks/0ko6_next_dist_compiled_react-dom_0s219lc._.js:15037:24)
    at renderWithHooks (http://localhost:3100/_next/static/chunks/0ko6_next_dist_compiled_react-dom_0s219lc._.js:4620:24)
    at updateFunctionComponent (http://localhost:3100/_next/static/chunks/0ko6_next_dist_compiled_react-dom_0s219lc._.js:6081:21)
    at beginWork (http://localhost:3100/_next/static/chunks/0ko6_next_dist_compiled_react-dom_0s219lc._.js:6691:24)
    at runWithFiberInDEV (http://localhost:3100/_next/static/chunks/0ko6_next_dist_compiled_react-dom_0s219lc._.js:965:74)
    at performUnitOfWork (http://localhost:3100/_next/static/chunks/0ko6_next_dist_compiled_react-dom_0s219lc._.js:9555:97)
    at workLoopSync (http://localhost:3100/_next/static/chunks/0ko6_next_dist_compiled_react-dom_0s219lc._.js:9449:40)
    at renderRootSync (http://localhost:3100/_next/static/chunks/0ko6_next_dist_compiled_react-dom_0s219lc._.js:9433:13)
    at performWorkOnRoot (http://localhost:3100/_next/static/chunks/0ko6_next_dist_compiled_react-dom_0s219lc._.js:9098:47)
    at performWorkOnRootViaSchedulerTask (http://localhost:3100/_next/static/chunks/0ko6_next_dist_compiled_react-dom_0s219lc._.js:10255:9)
    at MessagePort.performWorkUntilDeadline (http://localhost:3100/_next/static/chunks/0ko6_next_dist_compiled_0z1s305._.js:2647:64)
[ 3915396ms] [LOG] [Fast Refresh] rebuilding @ http://localhost:3100/_next/static/chunks/0ko6_next_dist_01dsmks._.js:2431
[ 3915400ms] [WARNING] [Fast Refresh] performing full reload because your application had an unrecoverable error @ http://localhost:3100/_next/static/chunks/0ko6_next_dist_01dsmks._.js:2431
[ 3915416ms] [LOG] [Fast Refresh] done in 86ms @ http://localhost:3100/_next/static/chunks/0ko6_next_dist_01dsmks._.js:2431
[ 3915759ms] [INFO] %cDownload the React DevTools for a better development experience: https://react.dev/link/react-devtools font-weight:bold @ http://localhost:3100/_next/static/chunks/0ko6_next_dist_01dsmks._.js:2431
[ 3915781ms] [LOG] [HMR] connected @ http://localhost:3100/_next/static/chunks/0ko6_next_dist_01dsmks._.js:2431
[ 3916045ms] [ERROR] Base UI: A component that acts as a button expected a native <button> because the `nativeButton` prop is true. Rendering a non-<button> removes native button semantics, which can impact forms and accessibility. Use a real <button> in the `render` prop, or set `nativeButton` to `false`.
    at Button (http://localhost:3100/_next/static/chunks/workspace_shadcn-fintech_src_0ul6vfe._.js:82:409)
    at RecentTransactions (http://localhost:3100/_next/static/chunks/workspace_shadcn-fintech_src_0qbwoky._.js:4899:418) @ http://localhost:3100/_next/static/chunks/0ko6_next_dist_01dsmks._.js:3272
[ 3923346ms] [LOG] [Fast Refresh] rebuilding @ http://localhost:3100/_next/static/chunks/0ko6_next_dist_01dsmks._.js:2431
[ 3923386ms] [LOG] [Fast Refresh] done in 82ms @ http://localhost:3100/_next/static/chunks/0ko6_next_dist_01dsmks._.js:2431
[ 3929766ms] [LOG] [Fast Refresh] rebuilding @ http://localhost:3100/_next/static/chunks/0ko6_next_dist_01dsmks._.js:2431
[ 3929831ms] [LOG] [Fast Refresh] done in 165ms @ http://localhost:3100/_next/static/chunks/0ko6_next_dist_01dsmks._.js:2431
[ 3937520ms] [LOG] [Fast Refresh] rebuilding @ http://localhost:3100/_next/static/chunks/0ko6_next_dist_01dsmks._.js:2431
[ 3937540ms] ReferenceError: moneyMovementByPeriod is not defined
    at MoneyMovement (http://localhost:3100/_next/static/chunks/workspace_shadcn-fintech_src_0qbwoky._.js?id=%255Bproject%255D%252Fworkspace%252Fshadcn-fintech%252Fsrc%252Fcomponents%252Fdashboard%252Fmoney-movement.tsx+%255Bapp-client%255D+%2528ecmascript%2529:42:18)
    at Object.react_stack_bottom_frame (http://localhost:3100/_next/static/chunks/0ko6_next_dist_compiled_react-dom_0s219lc._.js:15037:24)
    at renderWithHooks (http://localhost:3100/_next/static/chunks/0ko6_next_dist_compiled_react-dom_0s219lc._.js:4620:24)
    at updateFunctionComponent (http://localhost:3100/_next/static/chunks/0ko6_next_dist_compiled_react-dom_0s219lc._.js:6081:21)
    at beginWork (http://localhost:3100/_next/static/chunks/0ko6_next_dist_compiled_react-dom_0s219lc._.js:6691:24)
    at runWithFiberInDEV (http://localhost:3100/_next/static/chunks/0ko6_next_dist_compiled_react-dom_0s219lc._.js:965:74)
    at performUnitOfWork (http://localhost:3100/_next/static/chunks/0ko6_next_dist_compiled_react-dom_0s219lc._.js:9555:97)
    at workLoopSync (http://localhost:3100/_next/static/chunks/0ko6_next_dist_compiled_react-dom_0s219lc._.js:9449:40)
    at renderRootSync (http://localhost:3100/_next/static/chunks/0ko6_next_dist_compiled_react-dom_0s219lc._.js:9433:13)
    at performWorkOnRoot (http://localhost:3100/_next/static/chunks/0ko6_next_dist_compiled_react-dom_0s219lc._.js:9098:47)
    at performSyncWorkOnRoot (http://localhost:3100/_next/static/chunks/0ko6_next_dist_compiled_react-dom_0s219lc._.js:10263:9)
    at flushSyncWorkAcrossRoots_impl (http://localhost:3100/_next/static/chunks/0ko6_next_dist_compiled_react-dom_0s219lc._.js:10179:316)
    at flushSyncWork$1 (http://localhost:3100/_next/static/chunks/0ko6_next_dist_compiled_react-dom_0s219lc._.js:9230:86)
    at Object.scheduleRefresh (http://localhost:3100/_next/static/chunks/0ko6_next_dist_compiled_react-dom_0s219lc._.js:299:13)
    at http://localhost:3100/_next/static/chunks/0ko6_next_dist_compiled_0z1s305._.js:391:33
    at Set.forEach (<anonymous>)
    at Object.performReactRefresh (http://localhost:3100/_next/static/chunks/0ko6_next_dist_compiled_0z1s305._.js:384:38)
    at applyUpdate (http://localhost:3100/_next/static/chunks/0ko6_next_dist_compiled_0z1s305._.js:878:31)
    at http://localhost:3100/_next/static/chunks/0ko6_next_dist_compiled_0z1s305._.js:886:13
[ 3937553ms] [LOG] [Fast Refresh] done in 81ms @ http://localhost:3100/_next/static/chunks/0ko6_next_dist_01dsmks._.js:2431
[ 3943648ms] [LOG] [Fast Refresh] rebuilding @ http://localhost:3100/_next/static/chunks/0ko6_next_dist_01dsmks._.js:2431
[ 3943653ms] [WARNING] [Fast Refresh] performing full reload because your application had an unrecoverable error @ http://localhost:3100/_next/static/chunks/0ko6_next_dist_01dsmks._.js:2431
[ 3943662ms] [ERROR] Encountered a script tag while rendering React component. Scripts inside React components are never executed when rendering on the client. Consider using template tag instead (https://developer.mozilla.org/en-US/docs/Web/HTML/Element/template). @ http://localhost:3100/_next/static/chunks/0ko6_next_dist_01dsmks._.js:3272
[ 3943859ms] [LOG] [Fast Refresh] done in 90ms @ http://localhost:3100/_next/static/chunks/0ko6_next_dist_01dsmks._.js:2431
[ 3944197ms] [LOG] [Fast Refresh] rebuilding @ http://localhost:3100/_next/static/chunks/0ko6_next_dist_01dsmks._.js:2431
[ 3944204ms] [LOG] [Fast Refresh] done in 108ms @ http://localhost:3100/_next/static/chunks/0ko6_next_dist_01dsmks._.js:2431
[ 3944276ms] [INFO] %cDownload the React DevTools for a better development experience: https://react.dev/link/react-devtools font-weight:bold @ http://localhost:3100/_next/static/chunks/0ko6_next_dist_01dsmks._.js:2431
[ 3944310ms] [LOG] [HMR] connected @ http://localhost:3100/_next/static/chunks/0ko6_next_dist_01dsmks._.js:2431
[ 3944529ms] [ERROR] Base UI: A component that acts as a button expected a native <button> because the `nativeButton` prop is true. Rendering a non-<button> removes native button semantics, which can impact forms and accessibility. Use a real <button> in the `render` prop, or set `nativeButton` to `false`.
    at Button (http://localhost:3100/_next/static/chunks/workspace_shadcn-fintech_src_0ul6vfe._.js:82:409)
    at RecentTransactions (http://localhost:3100/_next/static/chunks/workspace_shadcn-fintech_src_0qbwoky._.js:4906:418) @ http://localhost:3100/_next/static/chunks/0ko6_next_dist_01dsmks._.js:3272
[ 3956126ms] [LOG] [Fast Refresh] rebuilding @ http://localhost:3100/_next/static/chunks/0ko6_next_dist_01dsmks._.js:2431
[ 3956219ms] ReferenceError: financialHealthScore is not defined
    at HealthScore (http://localhost:3100/_next/static/chunks/workspace_shadcn-fintech_src_0qbwoky._.js?id=%255Bproject%255D%252Fworkspace%252Fshadcn-fintech%252Fsrc%252Fcomponents%252Fdashboard%252Fhealth-score.tsx+%255Bapp-client%255D+%2528ecmascript%2529:605:53)
    at Object.react_stack_bottom_frame (http://localhost:3100/_next/static/chunks/0ko6_next_dist_compiled_react-dom_0s219lc._.js:15037:24)
    at renderWithHooks (http://localhost:3100/_next/static/chunks/0ko6_next_dist_compiled_react-dom_0s219lc._.js:4620:24)
    at updateFunctionComponent (http://localhost:3100/_next/static/chunks/0ko6_next_dist_compiled_react-dom_0s219lc._.js:6081:21)
    at beginWork (http://localhost:3100/_next/static/chunks/0ko6_next_dist_compiled_react-dom_0s219lc._.js:6691:24)
    at runWithFiberInDEV (http://localhost:3100/_next/static/chunks/0ko6_next_dist_compiled_react-dom_0s219lc._.js:965:74)
    at performUnitOfWork (http://localhost:3100/_next/static/chunks/0ko6_next_dist_compiled_react-dom_0s219lc._.js:9555:97)
    at workLoopSync (http://localhost:3100/_next/static/chunks/0ko6_next_dist_compiled_react-dom_0s219lc._.js:9449:40)
    at renderRootSync (http://localhost:3100/_next/static/chunks/0ko6_next_dist_compiled_react-dom_0s219lc._.js:9433:13)
    at performWorkOnRoot (http://localhost:3100/_next/static/chunks/0ko6_next_dist_compiled_react-dom_0s219lc._.js:9098:47)
    at performSyncWorkOnRoot (http://localhost:3100/_next/static/chunks/0ko6_next_dist_compiled_react-dom_0s219lc._.js:10263:9)
    at flushSyncWorkAcrossRoots_impl (http://localhost:3100/_next/static/chunks/0ko6_next_dist_compiled_react-dom_0s219lc._.js:10179:316)
    at flushSyncWork$1 (http://localhost:3100/_next/static/chunks/0ko6_next_dist_compiled_react-dom_0s219lc._.js:9230:86)
    at Object.scheduleRefresh (http://localhost:3100/_next/static/chunks/0ko6_next_dist_compiled_react-dom_0s219lc._.js:299:13)
    at http://localhost:3100/_next/static/chunks/0ko6_next_dist_compiled_0z1s305._.js:391:33
    at Set.forEach (<anonymous>)
    at Object.performReactRefresh (http://localhost:3100/_next/static/chunks/0ko6_next_dist_compiled_0z1s305._.js:384:38)
    at applyUpdate (http://localhost:3100/_next/static/chunks/0ko6_next_dist_compiled_0z1s305._.js:878:31)
    at http://localhost:3100/_next/static/chunks/0ko6_next_dist_compiled_0z1s305._.js:886:13
[ 3956181ms] [LOG] [Fast Refresh] done in 119ms @ http://localhost:3100/_next/static/chunks/0ko6_next_dist_01dsmks._.js:2431
[ 3960797ms] [LOG] [Fast Refresh] rebuilding @ http://localhost:3100/_next/static/chunks/0ko6_next_dist_01dsmks._.js:2431
[ 3960803ms] [LOG] [Fast Refresh] done in 108ms @ http://localhost:3100/_next/static/chunks/0ko6_next_dist_01dsmks._.js:2431
[ 3968656ms] [LOG] [Fast Refresh] rebuilding @ http://localhost:3100/_next/static/chunks/0ko6_next_dist_01dsmks._.js:2431
[ 3968754ms] [WARNING] [Fast Refresh] performing full reload because your application had an unrecoverable error @ http://localhost:3100/_next/static/chunks/0ko6_next_dist_01dsmks._.js:2431
[ 3968833ms] [WARNING] [Fast Refresh] performing full reload because your application had an unrecoverable error @ http://localhost:3100/_next/static/chunks/0ko6_next_dist_01dsmks._.js:2431
[ 3968840ms] [ERROR] Encountered a script tag while rendering React component. Scripts inside React components are never executed when rendering on the client. Consider using template tag instead (https://developer.mozilla.org/en-US/docs/Web/HTML/Element/template). @ http://localhost:3100/_next/static/chunks/0ko6_next_dist_01dsmks._.js:3272
[ 3968995ms] [LOG] [Fast Refresh] done in 270ms @ http://localhost:3100/_next/static/chunks/0ko6_next_dist_01dsmks._.js:2431
[ 3969485ms] [INFO] %cDownload the React DevTools for a better development experience: https://react.dev/link/react-devtools font-weight:bold @ http://localhost:3100/_next/static/chunks/0ko6_next_dist_01dsmks._.js:2431
[ 3969521ms] [LOG] [HMR] connected @ http://localhost:3100/_next/static/chunks/0ko6_next_dist_01dsmks._.js:2431
[ 3969850ms] [LOG] [Fast Refresh] rebuilding @ http://localhost:3100/_next/static/chunks/0ko6_next_dist_01dsmks._.js:2431
[ 3969877ms] [ERROR] Base UI: A component that acts as a button expected a native <button> because the `nativeButton` prop is true. Rendering a non-<button> removes native button semantics, which can impact forms and accessibility. Use a real <button> in the `render` prop, or set `nativeButton` to `false`.
    at Button (http://localhost:3100/_next/static/chunks/workspace_shadcn-fintech_src_0ul6vfe._.js:82:409)
    at RecentTransactions (http://localhost:3100/_next/static/chunks/workspace_shadcn-fintech_src_0qbwoky._.js:4906:418) @ http://localhost:3100/_next/static/chunks/0ko6_next_dist_01dsmks._.js:3272
[ 3969934ms] [LOG] [Fast Refresh] done in 205ms @ http://localhost:3100/_next/static/chunks/0ko6_next_dist_01dsmks._.js:2431
[ 4026136ms] [LOG] [Fast Refresh] rebuilding @ http://localhost:3100/_next/static/chunks/0ko6_next_dist_01dsmks._.js:2431
[ 4026499ms] [ERROR] Base UI: A component that acts as a button expected a native <button> because the `nativeButton` prop is true. Rendering a non-<button> removes native button semantics, which can impact forms and accessibility. Use a real <button> in the `render` prop, or set `nativeButton` to `false`.
    at Button (http://localhost:3100/_next/static/chunks/workspace_shadcn-fintech_src_0ul6vfe._.js:82:409)
    at QuickTransfer (http://localhost:3100/_next/static/chunks/workspace_shadcn-fintech_src_0o7bypj._.js?id=%255Bproject%255D%252Fworkspace%252Fshadcn-fintech%252Fsrc%252Fcomponents%252Fdashboard%252Fquick-transfer.tsx+%255Bapp-client%255D+%2528ecmascript%2529:167:418) @ http://localhost:3100/_next/static/chunks/0ko6_next_dist_01dsmks._.js:3272
[ 4026501ms] [ERROR] Base UI: A component that acts as a button expected a native <button> because the `nativeButton` prop is true. Rendering a non-<button> removes native button semantics, which can impact forms and accessibility. Use a real <button> in the `render` prop, or set `nativeButton` to `false`.
    at Button (http://localhost:3100/_next/static/chunks/workspace_shadcn-fintech_src_0ul6vfe._.js:82:409)
    at QuickTransfer (http://localhost:3100/_next/static/chunks/workspace_shadcn-fintech_src_0o7bypj._.js?id=%255Bproject%255D%252Fworkspace%252Fshadcn-fintech%252Fsrc%252Fcomponents%252Fdashboard%252Fquick-transfer.tsx+%255Bapp-client%255D+%2528ecmascript%2529:276:426) @ http://localhost:3100/_next/static/chunks/0ko6_next_dist_01dsmks._.js:3272
[ 4026848ms] [LOG] [Fast Refresh] done in 454ms @ http://localhost:3100/_next/static/chunks/0ko6_next_dist_01dsmks._.js:2431
[ 4027091ms] [LOG] [Fast Refresh] rebuilding @ http://localhost:3100/_next/static/chunks/0ko6_next_dist_01dsmks._.js:2431
[ 4027101ms] [LOG] [Fast Refresh] done in 111ms @ http://localhost:3100/_next/static/chunks/0ko6_next_dist_01dsmks._.js:2431
[ 4056556ms] [LOG] [Fast Refresh] rebuilding @ http://localhost:3100/_next/static/chunks/0ko6_next_dist_01dsmks._.js:2431
[ 4056577ms] [LOG] [Fast Refresh] done in 79ms @ http://localhost:3100/_next/static/chunks/0ko6_next_dist_01dsmks._.js:2431
[ 4082774ms] [LOG] [Fast Refresh] rebuilding @ http://localhost:3100/_next/static/chunks/0ko6_next_dist_01dsmks._.js:2431
[ 4083397ms] [LOG] [Fast Refresh] done in 547ms @ http://localhost:3100/_next/static/chunks/0ko6_next_dist_01dsmks._.js:2431
[ 4100352ms] [LOG] [Fast Refresh] rebuilding @ http://localhost:3100/_next/static/chunks/0ko6_next_dist_01dsmks._.js:2431
[ 4100931ms] [LOG] [Fast Refresh] done in 480ms @ http://localhost:3100/_next/static/chunks/0ko6_next_dist_01dsmks._.js:2431
[ 4111695ms] [LOG] [Fast Refresh] rebuilding @ http://localhost:3100/_next/static/chunks/0ko6_next_dist_01dsmks._.js:2431
[ 4111918ms] [LOG] [Fast Refresh] done in 214ms @ http://localhost:3100/_next/static/chunks/0ko6_next_dist_01dsmks._.js:2431
[ 4148717ms] [LOG] [Fast Refresh] rebuilding @ http://localhost:3100/_next/static/chunks/0ko6_next_dist_01dsmks._.js:2431
[ 4149124ms] [LOG] [Fast Refresh] done in 336ms @ http://localhost:3100/_next/static/chunks/0ko6_next_dist_01dsmks._.js:2431
[ 4149340ms] [LOG] [Fast Refresh] rebuilding @ http://localhost:3100/_next/static/chunks/0ko6_next_dist_01dsmks._.js:2431
[ 4149445ms] [LOG] [Fast Refresh] done in 206ms @ http://localhost:3100/_next/static/chunks/0ko6_next_dist_01dsmks._.js:2431
[ 4173907ms] [LOG] [Fast Refresh] rebuilding @ http://localhost:3100/_next/static/chunks/0ko6_next_dist_01dsmks._.js:2431
[ 4174446ms] [LOG] [Fast Refresh] done in 187ms @ http://localhost:3100/_next/static/chunks/0ko6_next_dist_01dsmks._.js:2431
[ 4174715ms] [LOG] [Fast Refresh] rebuilding @ http://localhost:3100/_next/static/chunks/0ko6_next_dist_01dsmks._.js:2431
[ 4174744ms] [LOG] [Fast Refresh] done in 130ms @ http://localhost:3100/_next/static/chunks/0ko6_next_dist_01dsmks._.js:2431
[ 4175517ms] [LOG] [Fast Refresh] rebuilding @ http://localhost:3100/_next/static/chunks/0ko6_next_dist_01dsmks._.js:2431
[ 4175533ms] [LOG] [Fast Refresh] done in 117ms @ http://localhost:3100/_next/static/chunks/0ko6_next_dist_01dsmks._.js:2431
[ 4175730ms] [LOG] [Fast Refresh] rebuilding @ http://localhost:3100/_next/static/chunks/0ko6_next_dist_01dsmks._.js:2431
[ 4176070ms] [LOG] [Fast Refresh] done in 441ms @ http://localhost:3100/_next/static/chunks/0ko6_next_dist_01dsmks._.js:2431
[ 4220907ms] [LOG] [Fast Refresh] rebuilding @ http://localhost:3100/_next/static/chunks/0ko6_next_dist_01dsmks._.js:2431
[ 4221013ms] [LOG] [Fast Refresh] done in 139ms @ http://localhost:3100/_next/static/chunks/0ko6_next_dist_01dsmks._.js:2431
[ 4237992ms] [LOG] [Fast Refresh] rebuilding @ http://localhost:3100/_next/static/chunks/0ko6_next_dist_01dsmks._.js:2431
[ 4238074ms] [WARNING] [Fast Refresh] performing full reload

Fast Refresh will perform a full reload when you edit a file that's imported by modules outside of the React rendering tree.
You might have a file which exports a React component but also exports a value that is imported by a non-React component file.
Consider migrating the non-React component export to a separate file and importing it into both files.

It is also possible the parent component of the component you edited is a class component, which disables Fast Refresh.
Fast Refresh requires at least one parent function component in your React tree. @ http://localhost:3100/_next/static/chunks/0ko6_next_dist_01dsmks._.js:2431
[ 4238098ms] [LOG] [Fast Refresh] done in 179ms @ http://localhost:3100/_next/static/chunks/0ko6_next_dist_01dsmks._.js:2431
[ 4238890ms] [LOG] [Fast Refresh] rebuilding @ http://localhost:3100/_next/static/chunks/0ko6_next_dist_01dsmks._.js:2431
[ 4239181ms] [LOG] [Fast Refresh] done in 393ms @ http://localhost:3100/_next/static/chunks/0ko6_next_dist_01dsmks._.js:2431
[ 4239204ms] [ERROR] Failed to load resource: the server responded with a status of 500 (Internal Server Error) @ http://localhost:3100/dashboard:0
[ 4239259ms] [INFO] %cDownload the React DevTools for a better development experience: https://react.dev/link/react-devtools font-weight:bold @ http://localhost:3100/_next/static/chunks/0ko6_next_dist_01dsmks._.js:2431
[ 4239299ms] [LOG] [HMR] connected @ http://localhost:3100/_next/static/chunks/0ko6_next_dist_01dsmks._.js:2431
[ 4239313ms] [ERROR] Encountered a script tag while rendering React component. Scripts inside React components are never executed when rendering on the client. Consider using template tag instead (https://developer.mozilla.org/en-US/docs/Web/HTML/Element/template). @ http://localhost:3100/_next/static/chunks/0ko6_next_dist_01dsmks._.js:3272
[ 4239537ms] ReferenceError: UsersIcon is not defined
    at module evaluation (http://localhost:3100/_next/static/chunks/workspace_shadcn-fintech_src_0ul6vfe._.js:5182:417)
    at http://localhost:3100/_next/static/chunks/turbopack-workspace_shadcn-fintech_072q7sc._.js:1307:27
    at runModuleExecutionHooks (http://localhost:3100/_next/static/chunks/turbopack-workspace_shadcn-fintech_072q7sc._.js:1636:13)
    at instantiateModuleShared (http://localhost:3100/_next/static/chunks/turbopack-workspace_shadcn-fintech_072q7sc._.js:1305:9)
    at instantiateModule (http://localhost:3100/_next/static/chunks/turbopack-workspace_shadcn-fintech_072q7sc._.js:1621:12)
    at getOrInstantiateModuleFromParent (http://localhost:3100/_next/static/chunks/turbopack-workspace_shadcn-fintech_072q7sc._.js:1604:12)
    at DevContext.commonJsRequire [as r] (http://localhost:3100/_next/static/chunks/turbopack-workspace_shadcn-fintech_072q7sc._.js:299:12)
    at requireModule (http://localhost:3100/_next/static/chunks/0ko6_next_dist_compiled_react-server-dom-turbopack_0dw8dj7._.js:95:84)
    at initializeModuleChunk (http://localhost:3100/_next/static/chunks/0ko6_next_dist_compiled_react-server-dom-turbopack_0dw8dj7._.js:1110:25)
    at readChunk (http://localhost:3100/_next/static/chunks/0ko6_next_dist_compiled_react-server-dom-turbopack_0dw8dj7._.js:846:17)
    at Object.react_stack_bottom_frame (http://localhost:3100/_next/static/chunks/0ko6_next_dist_compiled_react-dom_0s219lc._.js:15101:20)
    at resolveLazy (http://localhost:3100/_next/static/chunks/0ko6_next_dist_compiled_react-dom_0s219lc._.js:3866:20)
    at beginWork (http://localhost:3100/_next/static/chunks/0ko6_next_dist_compiled_react-dom_0s219lc._.js:6665:77)
    at runWithFiberInDEV (http://localhost:3100/_next/static/chunks/0ko6_next_dist_compiled_react-dom_0s219lc._.js:965:74)
    at performUnitOfWork (http://localhost:3100/_next/static/chunks/0ko6_next_dist_compiled_react-dom_0s219lc._.js:9555:97)
    at workLoopSync (http://localhost:3100/_next/static/chunks/0ko6_next_dist_compiled_react-dom_0s219lc._.js:9449:40)
    at renderRootSync (http://localhost:3100/_next/static/chunks/0ko6_next_dist_compiled_react-dom_0s219lc._.js:9433:13)
    at performWorkOnRoot (http://localhost:3100/_next/static/chunks/0ko6_next_dist_compiled_react-dom_0s219lc._.js:9061:186)
    at performWorkOnRootViaSchedulerTask (http://localhost:3100/_next/static/chunks/0ko6_next_dist_compiled_react-dom_0s219lc._.js:10255:9)
    at MessagePort.performWorkUntilDeadline (http://localhost:3100/_next/static/chunks/0ko6_next_dist_compiled_0z1s305._.js:2647:64)
[ 4239542ms] [ERROR] Failed to load resource: the server responded with a status of 404 (Not Found) @ http://localhost:3100/favicon.ico:0
[ 4239576ms] [LOG] [Fast Refresh] rebuilding @ http://localhost:3100/_next/static/chunks/0ko6_next_dist_01dsmks._.js:2431
[ 4239597ms] [LOG] [Fast Refresh] done in 123ms @ http://localhost:3100/_next/static/chunks/0ko6_next_dist_01dsmks._.js:2431
[ 4242537ms] [LOG] [Fast Refresh] rebuilding @ http://localhost:3100/_next/static/chunks/0ko6_next_dist_01dsmks._.js:2431
[ 4242933ms] [WARNING] [Fast Refresh] performing full reload because your application had an unrecoverable error @ http://localhost:3100/_next/static/chunks/0ko6_next_dist_01dsmks._.js:2431
[ 4243150ms] [WARNING] [Fast Refresh] performing full reload

Fast Refresh will perform a full reload when you edit a file that's imported by modules outside of the React rendering tree.
You might have a file which exports a React component but also exports a value that is imported by a non-React component file.
Consider migrating the non-React component export to a separate file and importing it into both files.

It is also possible the parent component of the component you edited is a class component, which disables Fast Refresh.
Fast Refresh requires at least one parent function component in your React tree. @ http://localhost:3100/_next/static/chunks/0ko6_next_dist_01dsmks._.js:2431
[ 4243150ms] [WARNING] [Fast Refresh] performing full reload because your application had an unrecoverable error @ http://localhost:3100/_next/static/chunks/0ko6_next_dist_01dsmks._.js:2431
[ 4243151ms] [LOG] [Fast Refresh] done in 714ms @ http://localhost:3100/_next/static/chunks/0ko6_next_dist_01dsmks._.js:2431
[ 4243550ms] [WARNING] [Fast Refresh] performing full reload

Fast Refresh will perform a full reload when you edit a file that's imported by modules outside of the React rendering tree.
You might have a file which exports a React component but also exports a value that is imported by a non-React component file.
Consider migrating the non-React component export to a separate file and importing it into both files.

It is also possible the parent component of the component you edited is a class component, which disables Fast Refresh.
Fast Refresh requires at least one parent function component in your React tree. @ http://localhost:3100/_next/static/chunks/0ko6_next_dist_01dsmks._.js:2431
[ 4243550ms] [WARNING] [Fast Refresh] performing full reload because your application had an unrecoverable error @ http://localhost:3100/_next/static/chunks/0ko6_next_dist_01dsmks._.js:2431
[ 4243817ms] [INFO] %cDownload the React DevTools for a better development experience: https://react.dev/link/react-devtools font-weight:bold @ http://localhost:3100/_next/static/chunks/0ko6_next_dist_01dsmks._.js:2431
[ 4243846ms] [LOG] [HMR] connected @ http://localhost:3100/_next/static/chunks/0ko6_next_dist_01dsmks._.js:2431
[ 4244074ms] [LOG] [Fast Refresh] rebuilding @ http://localhost:3100/_next/static/chunks/0ko6_next_dist_01dsmks._.js:2431
[ 4244082ms] [LOG] [Fast Refresh] done in 118ms @ http://localhost:3100/_next/static/chunks/0ko6_next_dist_01dsmks._.js:2431
[ 4244109ms] [ERROR] Base UI: A component that acts as a button expected a native <button> because the `nativeButton` prop is true. Rendering a non-<button> removes native button semantics, which can impact forms and accessibility. Use a real <button> in the `render` prop, or set `nativeButton` to `false`.
    at Button (http://localhost:3100/_next/static/chunks/workspace_shadcn-fintech_src_0ul6vfe._.js:82:409)
    at QuickTransfer (http://localhost:3100/_next/static/chunks/workspace_shadcn-fintech_src_0o7bypj._.js:3343:418) @ http://localhost:3100/_next/static/chunks/0ko6_next_dist_01dsmks._.js:3272
[ 4244110ms] [ERROR] Base UI: A component that acts as a button expected a native <button> because the `nativeButton` prop is true. Rendering a non-<button> removes native button semantics, which can impact forms and accessibility. Use a real <button> in the `render` prop, or set `nativeButton` to `false`.
    at Button (http://localhost:3100/_next/static/chunks/workspace_shadcn-fintech_src_0ul6vfe._.js:82:409)
    at QuickTransfer (http://localhost:3100/_next/static/chunks/workspace_shadcn-fintech_src_0o7bypj._.js:3452:426) @ http://localhost:3100/_next/static/chunks/0ko6_next_dist_01dsmks._.js:3272
[ 4244111ms] [ERROR] Base UI: A component that acts as a button expected a native <button> because the `nativeButton` prop is true. Rendering a non-<button> removes native button semantics, which can impact forms and accessibility. Use a real <button> in the `render` prop, or set `nativeButton` to `false`.
    at Button (http://localhost:3100/_next/static/chunks/workspace_shadcn-fintech_src_0ul6vfe._.js:82:409)
    at RecentTransactions (http://localhost:3100/_next/static/chunks/workspace_shadcn-fintech_src_0o7bypj._.js:5029:418) @ http://localhost:3100/_next/static/chunks/0ko6_next_dist_01dsmks._.js:3272
[ 4244269ms] [LOG] [Fast Refresh] rebuilding @ http://localhost:3100/_next/static/chunks/0ko6_next_dist_01dsmks._.js:2431
[ 4244278ms] [LOG] [Fast Refresh] done in 111ms @ http://localhost:3100/_next/static/chunks/0ko6_next_dist_01dsmks._.js:2431
[ 4296180ms] [LOG] [Fast Refresh] rebuilding @ http://localhost:3100/_next/static/chunks/0ko6_next_dist_01dsmks._.js:2431
[ 4296296ms] [LOG] [Fast Refresh] done in 199ms @ http://localhost:3100/_next/static/chunks/0ko6_next_dist_01dsmks._.js:2431
[ 4302184ms] [LOG] [Fast Refresh] rebuilding @ http://localhost:3100/_next/static/chunks/0ko6_next_dist_01dsmks._.js:2431
[ 4302203ms] [LOG] [Fast Refresh] done in 120ms @ http://localhost:3100/_next/static/chunks/0ko6_next_dist_01dsmks._.js:2431
[ 4307977ms] [LOG] [Fast Refresh] rebuilding @ http://localhost:3100/_next/static/chunks/0ko6_next_dist_01dsmks._.js:2431
[ 4307984ms] [LOG] [Fast Refresh] done in 107ms @ http://localhost:3100/_next/static/chunks/0ko6_next_dist_01dsmks._.js:2431
[ 4456921ms] [LOG] [Fast Refresh] rebuilding @ http://localhost:3100/_next/static/chunks/0ko6_next_dist_01dsmks._.js:2431
[ 4456954ms] [LOG] [Fast Refresh] done in 132ms @ http://localhost:3100/_next/static/chunks/0ko6_next_dist_01dsmks._.js:2431
