[     217ms] [INFO] %cDownload the React DevTools for a better development experience: https://react.dev/link/react-devtools font-weight:bold @ http://localhost:3100/_next/static/chunks/0ko6_next_dist_01dsmks._.js:2431
[     233ms] [LOG] [HMR] connected @ http://localhost:3100/_next/static/chunks/0ko6_next_dist_01dsmks._.js:2431
[     346ms] [LOG] [Fast Refresh] rebuilding @ http://localhost:3100/_next/static/chunks/0ko6_next_dist_01dsmks._.js:2431
[     445ms] [LOG] [Fast Refresh] done in 199ms @ http://localhost:3100/_next/static/chunks/0ko6_next_dist_01dsmks._.js:2431
[    5586ms] [LOG] [Fast Refresh] rebuilding @ http://localhost:3100/_next/static/chunks/0ko6_next_dist_01dsmks._.js:2431
[    5649ms] [LOG] [Fast Refresh] done in 164ms @ http://localhost:3100/_next/static/chunks/0ko6_next_dist_01dsmks._.js:2431
[  135477ms] [LOG] [Fast Refresh] rebuilding @ http://localhost:3100/_next/static/chunks/0ko6_next_dist_01dsmks._.js:2431
[  135543ms] [LOG] [Fast Refresh] done in 168ms @ http://localhost:3100/_next/static/chunks/0ko6_next_dist_01dsmks._.js:2431
[  399066ms] [LOG] [Fast Refresh] rebuilding @ http://localhost:3100/_next/static/chunks/0ko6_next_dist_01dsmks._.js:2431
[  399133ms] [LOG] [Fast Refresh] done in 170ms @ http://localhost:3100/_next/static/chunks/0ko6_next_dist_01dsmks._.js:2431
[  412098ms] [LOG] [Fast Refresh] rebuilding @ http://localhost:3100/_next/static/chunks/0ko6_next_dist_01dsmks._.js:2431
[  412220ms] [LOG] [Fast Refresh] done in 150ms @ http://localhost:3100/_next/static/chunks/0ko6_next_dist_01dsmks._.js:2431
[  418702ms] [LOG] [Fast Refresh] rebuilding @ http://localhost:3100/_next/static/chunks/0ko6_next_dist_01dsmks._.js:2431
[  419264ms] [LOG] [Fast Refresh] done in 641ms @ http://localhost:3100/_next/static/chunks/0ko6_next_dist_01dsmks._.js:2431
[  419365ms] [LOG] [Fast Refresh] rebuilding @ http://localhost:3100/_next/static/chunks/0ko6_next_dist_01dsmks._.js:2431
[  419375ms] [LOG] [Fast Refresh] done in 111ms @ http://localhost:3100/_next/static/chunks/0ko6_next_dist_01dsmks._.js:2431
[  426970ms] [LOG] [Fast Refresh] rebuilding @ http://localhost:3100/_next/static/chunks/0ko6_next_dist_01dsmks._.js:2431
[  427056ms] [LOG] [Fast Refresh] done in 164ms @ http://localhost:3100/_next/static/chunks/0ko6_next_dist_01dsmks._.js:2431
[  440153ms] [LOG] [Fast Refresh] rebuilding @ http://localhost:3100/_next/static/chunks/0ko6_next_dist_01dsmks._.js:2431
[  440189ms] [LOG] [Fast Refresh] done in 117ms @ http://localhost:3100/_next/static/chunks/0ko6_next_dist_01dsmks._.js:2431
[  451627ms] [LOG] [Fast Refresh] rebuilding @ http://localhost:3100/_next/static/chunks/0ko6_next_dist_01dsmks._.js:2431
[  452205ms] [LOG] [Fast Refresh] done in 405ms @ http://localhost:3100/_next/static/chunks/0ko6_next_dist_01dsmks._.js:2431
