[     465ms] [INFO] %cDownload the React DevTools for a better development experience: https://react.dev/link/react-devtools font-weight:bold @ http://localhost:3100/_next/static/chunks/0ko6_next_dist_01dsmks._.js:2431
[     492ms] [LOG] [HMR] connected @ http://localhost:3100/_next/static/chunks/0ko6_next_dist_01dsmks._.js:2431
[     621ms] [LOG] [Fast Refresh] rebuilding @ http://localhost:3100/_next/static/chunks/0ko6_next_dist_01dsmks._.js:2431
[     640ms] [ERROR] Base UI: A component that acts as a button expected a native <button> because the `nativeButton` prop is true. Rendering a non-<button> removes native button semantics, which can impact forms and accessibility. Use a real <button> in the `render` prop, or set `nativeButton` to `false`.
    at Button (http://localhost:3100/_next/static/chunks/workspace_shadcn-fintech_src_0ul6vfe._.js:82:409)
    at QuickTransfer (http://localhost:3100/_next/static/chunks/workspace_shadcn-fintech_src_0o7bypj._.js:3343:418)
    at Page (about://React/Server/file:///Users/sabbirahmed/workspace/shadcn-fintech/.next/dev/server/chunks/ssr/%5Broot-of-the-server%5D__0i4moaz._.js?43:74:458) @ http://localhost:3100/_next/static/chunks/0ko6_next_dist_01dsmks._.js:3272
[     640ms] [ERROR] Base UI: A component that acts as a button expected a native <button> because the `nativeButton` prop is true. Rendering a non-<button> removes native button semantics, which can impact forms and accessibility. Use a real <button> in the `render` prop, or set `nativeButton` to `false`.
    at Button (http://localhost:3100/_next/static/chunks/workspace_shadcn-fintech_src_0ul6vfe._.js:82:409)
    at QuickTransfer (http://localhost:3100/_next/static/chunks/workspace_shadcn-fintech_src_0o7bypj._.js:3452:426)
    at Page (about://React/Server/file:///Users/sabbirahmed/workspace/shadcn-fintech/.next/dev/server/chunks/ssr/%5Broot-of-the-server%5D__0i4moaz._.js?43:74:458) @ http://localhost:3100/_next/static/chunks/0ko6_next_dist_01dsmks._.js:3272
[     642ms] [ERROR] Base UI: A component that acts as a button expected a native <button> because the `nativeButton` prop is true. Rendering a non-<button> removes native button semantics, which can impact forms and accessibility. Use a real <button> in the `render` prop, or set `nativeButton` to `false`.
    at Button (http://localhost:3100/_next/static/chunks/workspace_shadcn-fintech_src_0ul6vfe._.js:82:409)
    at RecentTransactions (http://localhost:3100/_next/static/chunks/workspace_shadcn-fintech_src_0o7bypj._.js:5030:418)
    at Page (about://React/Server/file:///Users/sabbirahmed/workspace/shadcn-fintech/.next/dev/server/chunks/ssr/%5Broot-of-the-server%5D__0i4moaz._.js?43:74:458) @ http://localhost:3100/_next/static/chunks/0ko6_next_dist_01dsmks._.js:3272
[     777ms] [ERROR] Failed to load resource: the server responded with a status of 400 (Bad Request) @ http://127.0.0.1:55421/rest/v1/profiles?select=monthly_budget%2Ccategory_budgets&id=eq.a1b2c3d4-e5f6-7890-abcd-ef1234567890:0
[     778ms] [ERROR] Error fetching profile budgets: column profiles.monthly_budget does not exist @ http://localhost:3100/_next/static/chunks/0ko6_next_dist_01dsmks._.js:3272
[     794ms] [ERROR] Failed to load resource: the server responded with a status of 400 (Bad Request) @ http://127.0.0.1:55421/rest/v1/profiles?select=monthly_budget%2Ccategory_budgets&id=eq.a1b2c3d4-e5f6-7890-abcd-ef1234567890:0
[     795ms] [ERROR] Error fetching profile budgets: column profiles.monthly_budget does not exist @ http://localhost:3100/_next/static/chunks/0ko6_next_dist_01dsmks._.js:3272
[     951ms] [LOG] [Fast Refresh] done in 439ms @ http://localhost:3100/_next/static/chunks/0ko6_next_dist_01dsmks._.js:2431
